{
    "SAMPLE1_PE_1_val_1_fastqc.html": {
        "content": [
            "SAMPLE1_PE_1_val_1_fastqc.html:md5,4a2445318c2fb2e0438601bf5802388f"
        ],
        "meta": {
            "nf-test": "0.9.0",
            "nextflow": "24.10.4"
        },
        "timestamp": "2025-02-05T15:22:21.807677"
    },
    "SAMPLE1_PE.bbmap.log": {
        "content": [
            "SAMPLE1_PE.bbmap.log:md5,7a1855a6bf9e89bcba71ac9119e0a59b"
        ],
        "meta": {
            "nf-test": "0.9.0",
            "nextflow": "24.10.4"
        },
        "timestamp": "2025-02-05T16:11:45.667931"
    },
    "megahit_assembly.log": {
        "content": [
            "megahit_assembly.log:md5,4f08320f9647b3df461f7b1d6d86896a"
        ],
        "meta": {
            "nf-test": "0.9.0",
            "nextflow": "24.10.4"
        },
        "timestamp": "2025-02-05T16:11:45.651224"
    },
    "multiqc_report.html": {
        "content": [
            "multiqc_report.html:md5,58f356495cc357bc874ccd69d84fdde5"
        ],
        "meta": {
            "nf-test": "0.9.0",
            "nextflow": "24.10.4"
        },
        "timestamp": "2025-02-05T16:11:45.692642"
    },
    "SAMPLE1_PE.featureCounts.tsv.summary": {
        "content": [
            "SAMPLE1_PE.featureCounts.tsv.summary:md5,48f9b5ecdad2ef9b2fd7f4a6efef1cff"
        ],
        "meta": {
            "nf-test": "0.9.0",
            "nextflow": "24.10.4"
        },
        "timestamp": "2025-02-05T16:11:45.679723"
    }
}