{
    "-profile test_metaeuk_transdecoder": {
        "content": [
            72,
            {
                "BBMAP_ALIGN": {
                    "bbmap": 39.18
                },
                "BBMAP_INDEX": {
                    "bbmap": 39.18
                },
                "BEDTOOLS_SORT": {
                    "bedtools": "2.31.1"
                },
                "COLLECT_FEATURECOUNTS": {
                    "R": "4.5.3",
                    "dplyr": "1.2.1",
                    "readr": "2.2.0",
                    "stringr": "1.6.0",
                    "dtplyr": "1.3.3",
                    "data.table": "1.17.8"
                },
                "COLLECT_LOCUSCONSOLIDATE": {
                    "R": "4.5.3",
                    "dplyr": "1.2.1",
                    "readr": "2.2.0",
                    "stringr": "1.6.0",
                    "dtplyr": "1.3.3",
                    "data.table": "1.17.8"
                },
                "COLLECT_PROTEINCONSOLIDATE": {
                    "R": "4.5.3",
                    "dplyr": "1.2.1",
                    "readr": "2.2.0",
                    "stringr": "1.6.0",
                    "dtplyr": "1.3.3",
                    "data.table": "1.17.8"
                },
                "COLLECT_STATS": {
                    "R": "4.5.3",
                    "dplyr": "1.2.1",
                    "readr": "2.2.0",
                    "purrr": "1.2.2",
                    "tidyr": "1.3.2",
                    "stringr": "1.6.0"
                },
                "FASTQC": {
                    "fastqc": "0.12.1"
                },
                "FEATURECOUNTS_CDS": {
                    "subread": "2.1.1"
                },
                "FORMAT_CLUSTERREPS": {
                    "gzip": 1.11
                },
                "FORMAT_GFF2BED": {
                    "gzip": 1.11
                },
                "FORMAT_LOCUSCONSOLIDATE": {
                    "gzip": 1.11
                },
                "FORMAT_LOCUSFAA": {
                    "gzip": 1.11
                },
                "FORMAT_METAEUKFAA": {
                    "gzip": 1.11
                },
                "FORMAT_METAEUK_GFF": {
                    "gzip": 1.11
                },
                "MEGAHIT": {
                    "megahit": "1.2.9"
                },
                "METAEUK_EASYPREDICT": {
                    "metaeuk": "6.a5d39d9"
                },
                "METAEUK_FAA_CAT": {
                    "coreutils": 9.4,
                    "find": "4.6.0",
                    "pigz": 2.8
                },
                "METAEUK_GFF_CAT": {
                    "coreutils": 9.4,
                    "find": "4.6.0",
                    "pigz": 2.8
                },
                "MMSEQS_CREATEDB": {
                    "mmseqs": "18.8cc5c"
                },
                "MMSEQS_CREATETSV": {
                    "mmseqs": "18.8cc5c"
                },
                "MMSEQS_LINCLUST": {
                    "mmseqs": "18.8cc5c"
                },
                "PIGZ_TRANSDECODER_BED": {
                    "pigz": 2.8
                },
                "PIGZ_TRANSDECODER_CDS": {
                    "pigz": 2.8
                },
                "PIGZ_TRANSDECODER_GFF": {
                    "pigz": 2.8
                },
                "PIGZ_TRANSDECODER_PEP": {
                    "pigz": 2.8
                },
                "SAMTOOLS_FLAGSTAT": {
                    "samtools": 1.24
                },
                "SAMTOOLS_IDXSTATS": {
                    "samtools": 1.24
                },
                "SAMTOOLS_INDEX": {
                    "samtools": 1.24
                },
                "SAMTOOLS_SORT": {
                    "samtools": 1.24
                },
                "SAMTOOLS_STATS": {
                    "samtools": 1.24
                },
                "SEQKIT_GREP": {
                    "seqkit": "2.13.0"
                },
                "SEQTK_MERGEPE": {
                    "seqtk": "1.4-r122"
                },
                "TIDYVERSE_STRIPCDSPREFIX": {
                    "R": "4.5.3",
                    "readr": "2.2.0",
                    "dplyr": "1.2.1",
                    "stringr": "1.6.0"
                },
                "TRANSDECODER_LONGORF": {
                    "transdecoder": "5.7.1"
                },
                "TRANSDECODER_PREDICT": {
                    "transdecoder": "5.7.1"
                },
                "TRANSRATE": {
                    "transrate": "1.0.3"
                },
                "TRIMGALORE": {
                    "trimgalore": "2.3.0"
                },
                "UNPIGZ_CONTIGS": {
                    "pigz": 2.8
                },
                "UNPIGZ_GFF": {
                    "pigz": 2.8
                },
                "Workflow": {
                    "nf-core/metatdenovo": "v1.5.0dev"
                }
            },
            [
                "bbmap",
                "bbmap/bbmap",
                "bbmap/bbmap/RPL28_GENOMIC.bbmap.log",
                "bbmap/bbmap/RPL28_MRNA.bbmap.log",
                "bbmap/bbmap/RPL28_MRNA_RECODED.bbmap.log",
                "featurecounts",
                "featurecounts/RPL28_GENOMIC.locus_consolidate.featureCounts.tsv",
                "featurecounts/RPL28_GENOMIC.locus_consolidate.featureCounts.tsv.summary",
                "featurecounts/RPL28_GENOMIC.metaeuk.featureCounts.tsv",
                "featurecounts/RPL28_GENOMIC.metaeuk.featureCounts.tsv.summary",
                "featurecounts/RPL28_GENOMIC.transdecoder.featureCounts.tsv",
                "featurecounts/RPL28_GENOMIC.transdecoder.featureCounts.tsv.summary",
                "featurecounts/RPL28_MRNA.locus_consolidate.featureCounts.tsv",
                "featurecounts/RPL28_MRNA.locus_consolidate.featureCounts.tsv.summary",
                "featurecounts/RPL28_MRNA.metaeuk.featureCounts.tsv",
                "featurecounts/RPL28_MRNA.metaeuk.featureCounts.tsv.summary",
                "featurecounts/RPL28_MRNA.transdecoder.featureCounts.tsv",
                "featurecounts/RPL28_MRNA.transdecoder.featureCounts.tsv.summary",
                "featurecounts/RPL28_MRNA_RECODED.locus_consolidate.featureCounts.tsv",
                "featurecounts/RPL28_MRNA_RECODED.locus_consolidate.featureCounts.tsv.summary",
                "featurecounts/RPL28_MRNA_RECODED.metaeuk.featureCounts.tsv",
                "featurecounts/RPL28_MRNA_RECODED.metaeuk.featureCounts.tsv.summary",
                "featurecounts/RPL28_MRNA_RECODED.transdecoder.featureCounts.tsv",
                "featurecounts/RPL28_MRNA_RECODED.transdecoder.featureCounts.tsv.summary",
                "megahit",
                "megahit/megahit_assembly.contigs.fa.gz",
                "megahit/megahit_assembly.log",
                "metaeuk",
                "metaeuk/megahit.metaeuk_format.faa.gz",
                "metaeuk/megahit.metaeuk_format.gff.gz",
                "multiqc",
                "multiqc/multiqc_data",
                "multiqc/multiqc_data/fastqc-status-check-heatmap.txt",
                "multiqc/multiqc_data/fastqc_overrepresented_sequences_plot.txt",
                "multiqc/multiqc_data/fastqc_per_base_n_content_plot.txt",
                "multiqc/multiqc_data/fastqc_per_base_sequence_quality_plot.txt",
                "multiqc/multiqc_data/fastqc_per_sequence_gc_content_plot_Counts.txt",
                "multiqc/multiqc_data/fastqc_per_sequence_gc_content_plot_Percentages.txt",
                "multiqc/multiqc_data/fastqc_per_sequence_quality_scores_plot.txt",
                "multiqc/multiqc_data/fastqc_sequence_counts_plot.txt",
                "multiqc/multiqc_data/fastqc_sequence_duplication_levels_plot.txt",
                "multiqc/multiqc_data/fastqc_sequence_length_distribution_plot.txt",
                "multiqc/multiqc_data/fastqc_top_overrepresented_sequences_table.txt",
                "multiqc/multiqc_data/llms-full.txt",
                "multiqc/multiqc_data/multiqc.log",
                "multiqc/multiqc_data/multiqc.parquet",
                "multiqc/multiqc_data/multiqc_citations.txt",
                "multiqc/multiqc_data/multiqc_data.json",
                "multiqc/multiqc_data/multiqc_fastqc.txt",
                "multiqc/multiqc_data/multiqc_general_stats.txt",
                "multiqc/multiqc_data/multiqc_megahit_assemblies.txt",
                "multiqc/multiqc_data/multiqc_metaeuk_stats.txt",
                "multiqc/multiqc_data/multiqc_software_versions.txt",
                "multiqc/multiqc_data/multiqc_sources.txt",
                "multiqc/multiqc_data/multiqc_transdecoder_stats.txt",
                "multiqc/multiqc_report.html",
                "pipeline_info",
                "pipeline_info/nf_core_metatdenovo_software_mqc_versions.yml",
                "protein_consolidate",
                "protein_consolidate/megahit.protein_consolidate_99.clusters.tsv",
                "protein_consolidate/megahit.protein_consolidate_99.representatives.fa.gz",
                "samtools",
                "samtools/RPL28_GENOMIC.sorted.bam",
                "samtools/RPL28_GENOMIC.sorted.bam.bai",
                "samtools/RPL28_MRNA.sorted.bam",
                "samtools/RPL28_MRNA.sorted.bam.bai",
                "samtools/RPL28_MRNA_RECODED.sorted.bam",
                "samtools/RPL28_MRNA_RECODED.sorted.bam.bai",
                "samtools/megahit.RPL28_GENOMIC.flagstat",
                "samtools/megahit.RPL28_GENOMIC.idxstats",
                "samtools/megahit.RPL28_MRNA.flagstat",
                "samtools/megahit.RPL28_MRNA.idxstats",
                "samtools/megahit.RPL28_MRNA_RECODED.flagstat",
                "samtools/megahit.RPL28_MRNA_RECODED.idxstats",
                "summary_tables",
                "summary_tables/megahit.locus_consolidate.counts.tsv.gz",
                "summary_tables/megahit.metaeuk.counts.tsv.gz",
                "summary_tables/megahit.metaeuk.overall_stats.tsv.gz",
                "summary_tables/megahit.protein_consolidate_99.counts.tsv.gz",
                "summary_tables/megahit.protein_consolidate_99.overall_stats.tsv.gz",
                "summary_tables/megahit.transdecoder.counts.tsv.gz",
                "summary_tables/megahit.transdecoder.overall_stats.tsv.gz",
                "transdecoder",
                "transdecoder/megahit_assembly.contigs.fa.transdecoder.bed.gz",
                "transdecoder/megahit_assembly.contigs.fa.transdecoder.cds.gz",
                "transdecoder/megahit_assembly.contigs.fa.transdecoder.gff3.gz",
                "transdecoder/megahit_assembly.contigs.fa.transdecoder.pep.gz",
                "transrate",
                "transrate/megahit.assemblies.csv",
                "transrate/megahit.contigs.csv",
                "trimgalore",
                "trimgalore/RPL28_GENOMIC_1.fastq.gz_trimming_report.txt",
                "trimgalore/RPL28_GENOMIC_2.fastq.gz_trimming_report.txt",
                "trimgalore/RPL28_MRNA_1.fastq.gz_trimming_report.txt",
                "trimgalore/RPL28_MRNA_2.fastq.gz_trimming_report.txt",
                "trimgalore/RPL28_MRNA_RECODED_1.fastq.gz_trimming_report.txt",
                "trimgalore/RPL28_MRNA_RECODED_2.fastq.gz_trimming_report.txt",
                "trimgalore/fastqc",
                "trimgalore/fastqc/RPL28_GENOMIC_1_val_1_fastqc.html",
                "trimgalore/fastqc/RPL28_GENOMIC_1_val_1_fastqc.zip",
                "trimgalore/fastqc/RPL28_GENOMIC_2_val_2_fastqc.html",
                "trimgalore/fastqc/RPL28_GENOMIC_2_val_2_fastqc.zip",
                "trimgalore/fastqc/RPL28_MRNA_1_val_1_fastqc.html",
                "trimgalore/fastqc/RPL28_MRNA_1_val_1_fastqc.zip",
                "trimgalore/fastqc/RPL28_MRNA_2_val_2_fastqc.html",
                "trimgalore/fastqc/RPL28_MRNA_2_val_2_fastqc.zip",
                "trimgalore/fastqc/RPL28_MRNA_RECODED_1_val_1_fastqc.html",
                "trimgalore/fastqc/RPL28_MRNA_RECODED_1_val_1_fastqc.zip",
                "trimgalore/fastqc/RPL28_MRNA_RECODED_2_val_2_fastqc.html",
                "trimgalore/fastqc/RPL28_MRNA_RECODED_2_val_2_fastqc.zip"
            ],
            [
                "multiqc_citations.txt:md5,4c806e63a283ec1b7e78cdae3a923d4f",
                "multiqc_metaeuk_stats.txt:md5,be6038955478f96fdcaaa12d04c6d4a9"
            ],
            [
                "orf\tchr\tstart\tend\tstrand\tlength\tsample\tcount\ttpm"
            ],
            [
                "orf\tchr\tstart\tend\tstrand\tlength\tsample\tcount\ttpm"
            ],
            [
                "orf\tchr\tstart\tend\tstrand\tlength\tsample\tcount\ttpm\tcallers\tn_calls",
                "k59_1.p1\tk59_1\t183\t611\t+\t429\tRPL28_GENOMIC\t12\t153410.553411\ttransdecoder\t1",
                "NP_011412.1|k59_1|-|191\tk59_1;k59_1\t192;1102\t590;1149\t-;-\t447\tRPL28_GENOMIC\t69\t846589.446589\tmetaeuk\t1",
                "locus_k59_0_1_447_+\tk59_0\t1\t447\t+\t447\tRPL28_MRNA_RECODED\t400\t1000000\tmetaeuk,transdecoder\t2"
            ],
            [
                "orf\tchr\tstart\tend\tstrand\tlength\tsample\tcount\ttpm\tcallers\tn_calls\tn_loci\tloci",
                "NP_011412.1|k59_1|-|191\tk59_1;k59_1;k59_0\t192;1102;1\t590;1149;447\t-;-;+\t447\tRPL28_GENOMIC\t69\t846589.446589\tmetaeuk,transdecoder\t3\t2\tNP_011412.1|k59_1|-|191,locus_k59_0_1_447_+",
                "NP_011412.1|k59_1|-|191\tk59_1;k59_1;k59_0\t192;1102;1\t590;1149;447\t-;-;+\t447\tRPL28_MRNA_RECODED\t400\t1000000\tmetaeuk,transdecoder\t3\t2\tNP_011412.1|k59_1|-|191,locus_k59_0_1_447_+",
                "k59_1.p1\tk59_1\t183\t611\t+\t429\tRPL28_GENOMIC\t12\t153410.553411\ttransdecoder\t1\t1\tk59_1.p1"
            ]
        ],
        "timestamp": "2026-08-30T21:04:08.247271125",
        "meta": {
            "nf-test": "0.9.5",
            "nextflow": "26.04.6"
        }
    }
}