{
    "SAMPLE1_PE_1_val_1_fastqc.html": {
        "content": [
            "SAMPLE1_PE_1_val_1_fastqc.html:md5,4a2445318c2fb2e0438601bf5802388f"
        ],
        "meta": {
            "nf-test": "0.9.0",
            "nextflow": "24.10.4"
        },
        "timestamp": "2025-02-05T20:12:02.748578"
    },
    "SAMPLE1_PE.bbmap.log": {
        "content": [
            "SAMPLE1_PE.bbmap.log:md5,803aff106b7fafeb500ceec981e5e7eb"
        ],
        "meta": {
            "nf-test": "0.9.0",
            "nextflow": "24.10.4"
        },
        "timestamp": "2025-02-05T20:12:02.884589"
    },
    "megahit_assembly.log": {
        "content": [
            "megahit_assembly.log:md5,7087ef59c2d78704279d3cd3ddeb76c4"
        ],
        "meta": {
            "nf-test": "0.9.0",
            "nextflow": "24.10.4"
        },
        "timestamp": "2025-02-05T20:12:02.855846"
    },
    "multiqc_report.html": {
        "content": [
            "multiqc_report.html:md5,9c9e8e1ff428195df57a06c84963d94e"
        ],
        "meta": {
            "nf-test": "0.9.0",
            "nextflow": "24.10.4"
        },
        "timestamp": "2025-02-05T20:12:03.192057"
    },
    "SAMPLE1_PE.featureCounts.tsv.summary": {
        "content": [
            "SAMPLE1_PE.featureCounts.tsv.summary:md5,5f56e6988377962c7fb15ab7d7b45eac"
        ],
        "meta": {
            "nf-test": "0.9.0",
            "nextflow": "24.10.4"
        },
        "timestamp": "2025-02-05T20:12:02.911676"
    }
}