{
    "gff2bed - stub": {
        "content": [
            {
                "bed": [
                    [
                        {
                            "caller": "prokka",
                            "id": "test"
                        },
                        "test.bed:md5,d41d8cd98f00b204e9800998ecf8427e"
                    ]
                ],
                "versions_gzip": [
                    [
                        "FORMAT_GFF2BED",
                        "gzip",
                        "1.11"
                    ]
                ]
            }
        ],
        "timestamp": "2026-09-13T19:13:45.791002071",
        "meta": {
            "nf-test": "0.9.5",
            "nextflow": "26.04.6"
        }
    }
}