{
    "SAMPLE1_PE_1_val_1_fastqc.html": {
        "content": [
            "SAMPLE1_PE_1_val_1_fastqc.html:md5,89c71d5bf2499665b8c036a2ffae3bd7"
        ],
        "meta": {
            "nf-test": "0.9.2",
            "nextflow": "24.10.4"
        },
        "timestamp": "2025-02-19T17:55:51.19482"
    },
    "SAMPLE1_PE.bbmap.log": {
        "content": [
            "SAMPLE1_PE.bbmap.log:md5,5446b42605e89a41cf3d72d91e038fc0"
        ],
        "meta": {
            "nf-test": "0.9.2",
            "nextflow": "24.10.4"
        },
        "timestamp": "2025-02-19T22:29:14.221014"
    },
    "megahit_assembly.log": {
        "content": [
            "megahit_assembly.log:md5,7c60adc2480bdec18e926025dc64a05c"
        ],
        "meta": {
            "nf-test": "0.9.2",
            "nextflow": "24.10.4"
        },
        "timestamp": "2025-02-19T22:29:13.944209"
    },
    "multiqc_report.html": {
        "content": [
            "multiqc_report.html:md5,a45cd561a2084f79851cb38c13f99507"
        ],
        "meta": {
            "nf-test": "0.9.2",
            "nextflow": "24.10.4"
        },
        "timestamp": "2025-02-19T22:29:14.790811"
    },
    "SAMPLE1_PE_1.fastq.gz": {
        "content": [
            "SAMPLE1_PE_1.fastq.gz:md5,3836fd56bba7213f1c4ac5495783050f"
        ],
        "meta": {
            "nf-test": "0.9.2",
            "nextflow": "24.10.4"
        },
        "timestamp": "2025-02-19T22:29:13.647889"
    },
    "SAMPLE1_PE.featureCounts.tsv.summary": {
        "content": [
            "SAMPLE1_PE.featureCounts.tsv.summary:md5,0ca0c57b970a7946b1da3354e127dfa1"
        ],
        "meta": {
            "nf-test": "0.9.2",
            "nextflow": "24.10.4"
        },
        "timestamp": "2025-02-19T22:29:14.492976"
    }
}