{
    "SAMPLE1_PE_1_val_1_fastqc.html": {
        "content": [
            "SAMPLE1_PE_1_val_1_fastqc.html:md5,89c71d5bf2499665b8c036a2ffae3bd7"
        ],
        "meta": {
            "nf-test": "0.9.2",
            "nextflow": "24.10.4"
        },
        "timestamp": "2025-02-19T17:55:51.19482"
    },
    "SAMPLE1_PE.bbmap.log": {
        "content": [
            "SAMPLE1_PE.bbmap.log:md5,317a755926c33123d9669278395bfad3"
        ],
        "meta": {
            "nf-test": "0.9.2",
            "nextflow": "24.10.4"
        },
        "timestamp": "2025-02-19T20:52:01.129532"
    },
    "megahit_assembly.log": {
        "content": [
            "megahit_assembly.log:md5,ef039784173b6c5db200bd9923c7f889"
        ],
        "meta": {
            "nf-test": "0.9.2",
            "nextflow": "24.10.4"
        },
        "timestamp": "2025-02-19T20:52:00.778882"
    },
    "multiqc_report.html": {
        "content": [
            "multiqc_report.html:md5,cd27eef2ea214d9b54a21bf584ded3cf"
        ],
        "meta": {
            "nf-test": "0.9.2",
            "nextflow": "24.10.4"
        },
        "timestamp": "2025-02-19T20:52:01.749683"
    },
    "SAMPLE1_PE_1.fastq.gz": {
        "content": [
            "SAMPLE1_PE_1.fastq.gz:md5,a83ad3ba1c443d1c9805bd654ea345cb"
        ],
        "meta": {
            "nf-test": "0.9.2",
            "nextflow": "24.10.4"
        },
        "timestamp": "2025-02-19T20:52:00.415246"
    },
    "SAMPLE1_PE.featureCounts.tsv.summary": {
        "content": [
            "SAMPLE1_PE.featureCounts.tsv.summary:md5,80f338528a01881dd7a619ecad57e529"
        ],
        "meta": {
            "nf-test": "0.9.2",
            "nextflow": "24.10.4"
        },
        "timestamp": "2025-02-19T20:52:01.427668"
    }
}