{
    "cds. prefix is stripped, other IDs untouched": {
        "content": [
            [
                [
                    {
                        "id": "test"
                    },
                    "test.counts.tsv.gz:md5,95a629ecd96d06df5829d517c7a4a5ca"
                ]
            ]
        ],
        "timestamp": "2026-08-28T10:55:48.069287947",
        "meta": {
            "nf-test": "0.9.5",
            "nextflow": "26.04.6"
        }
    },
    "cds. prefix is stripped, other IDs untouched - stub": {
        "content": [
            {
                "0": [
                    [
                        {
                            "id": "test"
                        },
                        "test.counts.tsv.gz:md5,d41d8cd98f00b204e9800998ecf8427e"
                    ]
                ],
                "1": [
                    "versions.yml:md5,729dd70f75e4afd91bdab4689ab92b68"
                ],
                "counts": [
                    [
                        {
                            "id": "test"
                        },
                        "test.counts.tsv.gz:md5,d41d8cd98f00b204e9800998ecf8427e"
                    ]
                ],
                "versions": [
                    "versions.yml:md5,729dd70f75e4afd91bdab4689ab92b68"
                ]
            }
        ],
        "timestamp": "2026-08-28T10:55:54.820623112",
        "meta": {
            "nf-test": "0.9.5",
            "nextflow": "26.04.6"
        }
    }
}