{
    "sarscov2 - paired end fastq - fastq": {
        "content": [
            [
                [
                    {
                        "id": "test",
                        "single_end": false
                    },
                    [
                        "test.trim_1.fastq.gz:md5,4161df271f9bfcd25d5845a1e220dbec",
                        "test.trim_2.fastq.gz:md5,2ebae722295ea66d84075a3b042e2b42"
                    ]
                ]
            ],
            {
                "versions_bbmap": [
                    [
                        "BBMAP_BBDUK",
                        "bbmap",
                        "39.18"
                    ]
                ]
            }
        ],
        "meta": {
            "nf-test": "0.9.3",
            "nextflow": "25.10.4"
        },
        "timestamp": "2026-08-25T10:31:39.758005"
    },
    "sarscov2 - single end w/ contams [fastq,fasta] - fastq": {
        "content": [
            [
                [
                    {
                        "id": "test",
                        "single_end": true
                    },
                    "test.trim.matched.fq.gz:md5,4161df271f9bfcd25d5845a1e220dbec"
                ]
            ],
            {
                "versions_bbmap": [
                    [
                        "BBMAP_BBDUK",
                        "bbmap",
                        "39.18"
                    ]
                ]
            }
        ],
        "meta": {
            "nf-test": "0.9.3",
            "nextflow": "25.10.4"
        },
        "timestamp": "2026-08-25T10:31:51.959051"
    },
    "sarscov2 - paired end w/ contams [fastq,fasta] - fastq": {
        "content": [
            [
                [
                    {
                        "id": "test",
                        "single_end": false
                    },
                    [
                        "test.trim_1.matched.fq.gz:md5,4161df271f9bfcd25d5845a1e220dbec",
                        "test.trim_2.matched.fq.gz:md5,2ebae722295ea66d84075a3b042e2b42"
                    ]
                ]
            ],
            {
                "versions_bbmap": [
                    [
                        "BBMAP_BBDUK",
                        "bbmap",
                        "39.18"
                    ]
                ]
            }
        ],
        "meta": {
            "nf-test": "0.9.3",
            "nextflow": "25.10.4"
        },
        "timestamp": "2026-08-25T10:32:04.214894"
    },
    "sarscov2 - paired end fastq - fastq - stub": {
        "content": [
            {
                "0": [
                    [
                        {
                            "id": "test",
                            "single_end": false
                        },
                        [
                            "test.trim_1.fastq.gz:md5,68b329da9893e34099c7d8ad5cb9c940",
                            "test.trim_2.fastq.gz:md5,68b329da9893e34099c7d8ad5cb9c940"
                        ]
                    ]
                ],
                "1": [
                    
                ],
                "2": [
                    [
                        {
                            "id": "test",
                            "single_end": false
                        },
                        "test.trim.bbduk.log:md5,d41d8cd98f00b204e9800998ecf8427e"
                    ]
                ],
                "3": [
                    [
                        "BBMAP_BBDUK",
                        "bbmap",
                        "39.18"
                    ]
                ],
                "log": [
                    [
                        {
                            "id": "test",
                            "single_end": false
                        },
                        "test.trim.bbduk.log:md5,d41d8cd98f00b204e9800998ecf8427e"
                    ]
                ],
                "reads": [
                    [
                        {
                            "id": "test",
                            "single_end": false
                        },
                        [
                            "test.trim_1.fastq.gz:md5,68b329da9893e34099c7d8ad5cb9c940",
                            "test.trim_2.fastq.gz:md5,68b329da9893e34099c7d8ad5cb9c940"
                        ]
                    ]
                ],
                "reads_removed": [
                    
                ],
                "versions_bbmap": [
                    [
                        "BBMAP_BBDUK",
                        "bbmap",
                        "39.18"
                    ]
                ]
            }
        ],
        "meta": {
            "nf-test": "0.9.3",
            "nextflow": "25.10.4"
        },
        "timestamp": "2026-08-25T10:32:20.618099"
    },
    "sarscov2 - single end fastq - fastq - stub": {
        "content": [
            {
                "0": [
                    [
                        {
                            "id": "test",
                            "single_end": true
                        },
                        "test.trim.fastq.gz:md5,68b329da9893e34099c7d8ad5cb9c940"
                    ]
                ],
                "1": [
                    
                ],
                "2": [
                    [
                        {
                            "id": "test",
                            "single_end": true
                        },
                        "test.trim.bbduk.log:md5,d41d8cd98f00b204e9800998ecf8427e"
                    ]
                ],
                "3": [
                    [
                        "BBMAP_BBDUK",
                        "bbmap",
                        "39.18"
                    ]
                ],
                "log": [
                    [
                        {
                            "id": "test",
                            "single_end": true
                        },
                        "test.trim.bbduk.log:md5,d41d8cd98f00b204e9800998ecf8427e"
                    ]
                ],
                "reads": [
                    [
                        {
                            "id": "test",
                            "single_end": true
                        },
                        "test.trim.fastq.gz:md5,68b329da9893e34099c7d8ad5cb9c940"
                    ]
                ],
                "reads_removed": [
                    
                ],
                "versions_bbmap": [
                    [
                        "BBMAP_BBDUK",
                        "bbmap",
                        "39.18"
                    ]
                ]
            }
        ],
        "meta": {
            "nf-test": "0.9.3",
            "nextflow": "25.10.4"
        },
        "timestamp": "2026-08-25T10:32:12.086091"
    },
    "sarscov2 - single end fastq - fastq": {
        "content": [
            [
                [
                    {
                        "id": "test",
                        "single_end": true
                    },
                    "test.trim.fastq.gz:md5,4161df271f9bfcd25d5845a1e220dbec"
                ]
            ],
            {
                "versions_bbmap": [
                    [
                        "BBMAP_BBDUK",
                        "bbmap",
                        "39.18"
                    ]
                ]
            }
        ],
        "meta": {
            "nf-test": "0.9.3",
            "nextflow": "25.10.4"
        },
        "timestamp": "2026-08-25T10:31:27.216584"
    }
}